// Jest Snapshot v1, https://goo.gl/fbAQLP

exports[`AppBar.vue has expected html structure 1`] = `
"<div id=\\"appBar\\"><button><svg xmlns=\\"http://www.w3.org/2000/svg\\" fill=\\"none\\" viewBox=\\"0 0 24 24\\" stroke=\\"currentColor\\" class=\\"h-6 w-6\\">
      <path stroke-linecap=\\"round\\" stroke-linejoin=\\"round\\" stroke-width=\\"2\\" d=\\"M4 6h16M4 12h16M4 18h16\\"></path>
    </svg></button>
  <h1>Kedai Nusantara</h1>
  <nav-bar-stub></nav-bar-stub>
</div>"
`;
