// Jest Snapshot v1, https://goo.gl/fbAQLP

exports[`SideBar.vue has expected html structure 1`] = `
"<div id=\\"sideBar\\">
  <nav-bar-stub></nav-bar-stub>
</div>"
`;
